2026-09-21T13:58:57  AMD: ok (cache) 2026Q2: 45 facts, 37 unclaimed, period pass
2026-09-21T13:58:57  VICI: ok (cache) 2026Q2: 1 facts, 20 unclaimed, period pass, ATTENTION: few_facts; many_unclaimed_figures; no_segment_map
2026-09-21T13:58:57  HESM: ok (cache) 2026Q2: 18 facts, 15 unclaimed, period pass, ATTENTION: no_segment_map
2026-09-21T13:58:57  CPRT: skipped, fetch budget for this run is used up
2026-09-21T13:58:57  Done: 3 of 3 symbols scored (0 fetched this run); review queue 90 rows; see C:\Users\Nick Delano\OneDrive\Documents\Finance\earnings_summarizer\output\batch\2026Q2\summary.md
2026-09-21T13:58:58  CPRT: ok (cache) 2026Q3: 18 facts, 42 unclaimed, period pass, ATTENTION: many_unclaimed_figures; no_segment_map
2026-09-21T13:58:58  Done: 1 of 1 symbols scored (0 fetched this run); review queue 50 rows; see C:\Users\Nick Delano\OneDrive\Documents\Finance\earnings_summarizer\output\batch\2026Q1\summary.md
2026-09-21T13:59:01  IBM: ok (cache) 2024Q1: 35 facts, 47 unclaimed, period pass
2026-09-21T13:59:01  Done: 1 of 1 symbols scored (0 fetched this run); review queue 53 rows; see C:\Users\Nick Delano\OneDrive\Documents\Finance\earnings_summarizer\output\batch\2024Q1\summary.md
2026-09-21T14:56:08  AMD: ok (cache) 2026Q2: 45 facts, 37 unclaimed, period pass
2026-09-21T14:56:09  VICI: ok (cache) 2026Q2: 1 facts, 20 unclaimed, period pass, ATTENTION: few_facts; many_unclaimed_figures; gold_fail
2026-09-21T14:56:09  HESM: ok (cache) 2026Q2: 18 facts, 15 unclaimed, period pass, ATTENTION: gold_fail
2026-09-21T14:56:09  Done: 3 of 3 symbols scored (0 fetched this run); review queue 90 rows; see C:\Users\Nick Delano\OneDrive\Documents\Finance\earnings_summarizer\output\batch\2026Q2\summary.md
2026-09-21T14:56:10  CPRT: ok (cache) 2026Q3: 18 facts, 42 unclaimed, period pass, ATTENTION: many_unclaimed_figures; gold_fail
2026-09-21T14:56:10  Done: 1 of 1 symbols scored (0 fetched this run); review queue 50 rows; see C:\Users\Nick Delano\OneDrive\Documents\Finance\earnings_summarizer\output\batch\2026Q1\summary.md
2026-09-21T15:34:33  JPM: ok (fetched) 2026Q2: 13 facts, 59 unclaimed, period pass, ATTENTION: many_unclaimed_figures; no_segment_map; assumed_calendar_year
2026-09-21T15:34:35  V: ok (fetched) 2026Q3: 27 facts, 52 unclaimed, period pass, ATTENTION: many_unclaimed_figures; no_segment_map
2026-09-21T15:34:37  UNH: ok (fetched) 2026Q2: 8 facts, 59 unclaimed, period pass, ATTENTION: many_unclaimed_figures; no_segment_map; assumed_calendar_year
2026-09-21T15:34:39  LLY: ok (fetched) 2026Q2: 16 facts, 44 unclaimed, period pass, ATTENTION: many_unclaimed_figures; no_segment_map; assumed_calendar_year
2026-09-21T15:34:41  PFE: ok (fetched) 2026Q2: 15 facts, 50 unclaimed, period pass, ATTENTION: many_unclaimed_figures; no_segment_map; assumed_calendar_year
2026-09-21T15:34:43  WMT: no transcript for 2027Q2 yet (No transcript returned for WMT 2027Q2.)
2026-09-21T15:34:45  HD: no transcript for 2026Q2 yet (No transcript returned for HD 2026Q2.)
2026-09-21T15:34:47  COST: ok (fetched) 2026Q3: 15 facts, 58 unclaimed, period pass, ATTENTION: many_unclaimed_figures; no_segment_map
2026-09-21T15:34:49  PG: ok (fetched) 2026Q4: 21 facts, 68 unclaimed, period pass, ATTENTION: many_unclaimed_figures; no_segment_map
2026-09-21T15:34:51  MCD: ok (fetched) 2026Q2: 13 facts, 32 unclaimed, period pass, ATTENTION: many_unclaimed_figures; no_segment_map; assumed_calendar_year
2026-09-21T15:34:54  NKE: ok (fetched) 2026Q4: 22 facts, 41 unclaimed, period pass, ATTENTION: many_unclaimed_figures; no_segment_map
2026-09-21T15:34:56  XOM: ok (fetched) 2026Q2: 4 facts, 21 unclaimed, period pass, ATTENTION: few_facts; many_unclaimed_figures; no_segment_map; assumed_calendar_year
2026-09-21T15:34:58  CAT: ok (fetched) 2026Q2: 23 facts, 63 unclaimed, period pass, ATTENTION: many_unclaimed_figures; no_segment_map; assumed_calendar_year
2026-09-21T15:35:01  GE: ok (fetched) 2026Q2: 37 facts, 90 unclaimed, period pass, ATTENTION: many_unclaimed_figures; no_segment_map; assumed_calendar_year
2026-09-21T15:35:03  DAL: ok (fetched) 2026Q2: 19 facts, 48 unclaimed, period unknown, ATTENTION: period_unchecked; many_unclaimed_figures; no_segment_map; assumed_calendar_year
2026-09-21T15:35:05  NEE: ok (fetched) 2026Q2: 8 facts, 40 unclaimed, period pass, ATTENTION: many_unclaimed_figures; no_segment_map; assumed_calendar_year
2026-09-21T15:35:07  PLD: ok (fetched) 2026Q2: 2 facts, 66 unclaimed, period pass, ATTENTION: few_facts; many_unclaimed_figures; no_segment_map; assumed_calendar_year
2026-09-21T15:35:10  VZ: ok (fetched) 2026Q2: 29 facts, 51 unclaimed, period pass, ATTENTION: many_unclaimed_figures; no_segment_map; assumed_calendar_year
2026-09-21T15:35:13  MSFT: ok (fetched) 2026Q4: 67 facts, 50 unclaimed, period pass, ATTENTION: no_segment_map
2026-09-21T15:35:14  NVDA: no transcript for 2027Q2 yet (No transcript returned for NVDA 2027Q2.)
2026-09-21T15:35:15  Done: 20 of 23 symbols scored (20 fetched this run); review queue 1107 rows; see C:\Users\Nick Delano\OneDrive\Documents\Finance\earnings_summarizer\output\batch\2026Q2\summary.md
2026-09-21T15:38:49  WMT: ok (fetched) 2027Q1: 16 facts, 58 unclaimed, period pass, ATTENTION: many_unclaimed_figures; no_segment_map
2026-09-21T15:38:50  HD: fatal: Alpha Vantage: We have detected your API key as ***REDACTED*** and our standard API rate limit is 25 requests per day. Please subscribe to any of the premium plans at https://www.alphavantage.co/pre
2026-09-21T15:38:50  Done: 2 of 3 symbols scored (2 fetched this run); review queue 115 rows; see C:\Users\Nick Delano\OneDrive\Documents\Finance\earnings_summarizer\output\batch\2026Q1\summary.md
2026-09-21T15:38:50  Stopped early: fix the API key, then run again.
